// 重构日志: 0fd8562e
// 重构日志: 2b147e2e
// 重构日志: f40cf233
// 重构日志: c98e6fa8
// 重构日志: c977c29d
// 重构日志: f6d4d573
// 重构日志: a3117679
// 同步 ID: 6184e2c4 @ Mon Jul 27 09:21:26 UTC 2026
// 重构日志: 26f8727f
// 重构日志: 491b85d1
// 重构日志: 396dfee8
// 重构日志: 5d8d126a
// 重构日志: e365935b
// 重构日志: 8e750e3d
// 同步 ID: 92f94686 @ Thu Jul 30 05:24:01 UTC 2026
// 同步 ID: 720959b8 @ Fri Jul 31 16:21:52 UTC 2026
// 重构日志: 73f42297
// 同步 ID: 5063c15a @ Sat Aug  1 01:24:34 UTC 2026
// 重构日志: 02fda2c2
// 同步 ID: 8fa15782 @ Sun Aug  2 08:36:57 UTC 2026
// 同步 ID: 12f95550 @ Tue Aug  4 04:14:43 UTC 2026
// 重构日志: 65c62b61
// 同步 ID: 61483a5e @ Tue Aug  4 13:18:14 UTC 2026
// 重构日志: 9b20c805
// 重构日志: 7d2298ac
// 重构日志: 9e028617
// 同步 ID: 287986f7 @ Fri Aug  7 12:16:34 UTC 2026
// 同步 ID: 46ffa16d @ Fri Aug  7 14:06:15 UTC 2026
// 同步 ID: 08c2aa83 @ Sat Aug  8 04:30:32 UTC 2026
// 同步 ID: 3f3b72a7 @ Sat Aug  8 05:39:54 UTC 2026
// 重构日志: 4d8164a7
